<?xml version="1.0" encoding="UTF-8"?>
<testsuites name="jest tests" tests="1" failures="0" errors="0" time="0.563">
  <testsuite name="undefined" errors="0" failures="0" skipped="0" timestamp="2026-05-06T08:00:27" time="0.404" tests="1">
    <testcase classname=" ad 23+45 equal to 68" name=" ad 23+45 equal to 68" time="0.004">
    </testcase>
  </testsuite>
</testsuites>